192.168.1.10 - - [12/May/2023:10:00:01 +0000] "GET /index.html HTTP/1.1" 200 5120 "-" "Mozilla/5.0"
192.168.1.11 - - [12/May/2023:10:00:02 +0000] "GET /styles/main.css HTTP/1.1" 200 10240 "-" "Mozilla/5.0"
192.168.1.12 - - [12/May/2023:10:00:03 +0000] "GET /scripts/app.js HTTP/1.1" 200 25600 "-" "Mozilla/5.0"
192.168.1.10 - - [12/May/2023:10:00:04 +0000] "GET /images/logo.png HTTP/1.1" 200 8192 "-" "Mozilla/5.0"
192.168.1.13 - - [12/May/2023:10:00:05 +0000] "GET /contact.html HTTP/1.1" 200 3072 "-" "Mozilla/5.0"
192.168.1.14 - - [12/May/2023:10:00:06 +0000] "GET /nonexistent/page.php HTTP/1.1" 404 150 "-" "Mozilla/5.0"
192.168.1.10 - - [12/May/2023:10:00:07 +0000] "POST /api/submit HTTP/1.1" 201 50 "-" "CustomClient/1.0"
192.168.1.15 - - [12/May/2023:10:00:08 +0000] "GET /admin/login HTTP/1.1" 404 150 "-" "Mozilla/5.0"
192.168.1.11 - - [12/May/2023:10:00:09 +0000] "GET /favicon.ico HTTP/1.1" 200 1024 "-" "Mozilla/5.0"
192.168.1.16 - - [12/May/2023:10:00:10 +0000] "GET /assets/font.woff HTTP/1.1" 200 40960 "-" "Mozilla/5.0"
192.168.1.10 - - [12/May/2023:10:00:11 +0000] "GET /index.html HTTP/1.1" 200 5120 "-" "Mozilla/5.0"
192.168.1.11 - - [12/May/2023:10:00:12 +0000] "GET /styles/main.css HTTP/1.1" 200 10240 "-" "Mozilla/5.0"
192.168.1.17 - - [12/May/2023:10:00:13 +0000] "GET /old-resource HTTP/1.1" 404 150 "-" "Mozilla/5.0"
192.168.1.12 - - [12/May/2023:10:00:14 +0000] "GET /scripts/app.js HTTP/1.1" 200 25600 "-" "Mozilla/5.0"
192.168.1.10 - - [12/May/2023:10:00:15 +0000] "GET /images/logo.png HTTP/1.1" 200 8192 "-" "Mozilla/5.0"
192.168.1.18 - - [12/May/2023:10:00:16 +0000] "GET /downloads/file.zip HTTP/1.1" 200 1048576 "-" "Wget/1.20"
192.168.1.13 - - [12/May/2023:10:00:17 +0000] "GET /contact.html HTTP/1.1" 200 3072 "-" "Mozilla/5.0"
192.168.1.19 - - [12/May/2023:10:00:18 +0000] "HEAD /status HTTP/1.1" 200 0 "-" "HealthChecker"
192.168.1.14 - - [12/May/2023:10:00:19 +0000] "GET /nonexistent/page.php HTTP/1.1" 404 150 "-" "Mozilla/5.0"
192.168.1.10 - - [12/May/2023:10:00:20 +0000] "POST /api/submit HTTP/1.1" 201 50 "-" "CustomClient/1.0"
192.168.1.20 - - [12/May/2023:10:00:21 +0000] "GET /api/v1/users/123 HTTP/1.1" 200 1024 "http://example.com" "APIClient/2.1"
192.168.1.15 - - [12/May/2023:10:00:22 +0000] "GET /admin/login HTTP/1.1" 404 150 "-" "Mozilla/5.0"
192.168.1.11 - - [12/May/2023:10:00:23 +0000] "GET /favicon.ico HTTP/1.1" 200 1024 "-" "Mozilla/5.0"
192.168.1.21 - - [12/May/2023:10:00:24 +0000] "GET /robots.txt HTTP/1.1" 200 256 "-" "Googlebot/2.1"
192.168.1.16 - - [12/May/2023:10:00:25 +0000] "GET /assets/font.woff HTTP/1.1" 200 40960 "-" "Mozilla/5.0"
192.168.1.22 - - [12/May/2023:10:00:26 +0000] "GET /wp-login.php HTTP/1.1" 404 150 "-" "Scanner/1.0"
192.168.1.10 - - [12/May/2023:10:00:27 +0000] "GET /index.html HTTP/1.1" 200 5120 "-" "Mozilla/5.0"
192.168.1.11 - - [12/May/2023:10:00:28 +0000] "GET /styles/main.css HTTP/1.1" 200 10240 "-" "Mozilla/5.0"
192.168.1.17 - - [12/May/2023:10:00:29 +0000] "GET /old-resource HTTP/1.1" 404 150 "-" "Mozilla/5.0"
192.168.1.12 - - [12/May/2023:10:00:30 +0000] "GET /scripts/app.js HTTP/1.1" 200 25600 "-" "Mozilla/5.0"
192.168.1.10 - - [12/May/2023:10:01:01 +0000] "GET /images/logo.png HTTP/1.1" 200 8192 "-" "Mozilla/5.0"
192.168.1.18 - - [12/May/2023:10:01:02 +0000] "GET /downloads/file.zip HTTP/1.1" 200 1048576 "-" "Wget/1.20"
192.168.1.13 - - [12/May/2023:10:01:03 +0000] "GET /contact.html HTTP/1.1" 200 3072 "-" "Mozilla/5.0"
192.168.1.19 - - [12/May/2023:10:01:04 +0000] "HEAD /status HTTP/1.1" 200 0 "-" "HealthChecker"
192.168.1.14 - - [12/May/2023:10:01:05 +0000] "GET /nonexistent/page.php HTTP/1.1" 404 150 "-" "Mozilla/5.0"
192.168.1.10 - - [12/May/2023:10:01:06 +0000] "POST /api/submit HTTP/1.1" 201 50 "-" "CustomClient/1.0"
192.168.1.20 - - [12/May/2023:10:01:07 +0000] "GET /api/v1/users/124 HTTP/1.1" 200 1024 "http://example.com" "APIClient/2.1"
192.168.1.15 - - [12/May/2023:10:01:08 +0000] "GET /admin/login HTTP/1.1" 404 150 "-" "Mozilla/5.0"
192.168.1.11 - - [12/May/2023:10:01:09 +0000] "GET /favicon.ico HTTP/1.1" 200 1024 "-" "Mozilla/5.0"
192.168.1.21 - - [12/May/2023:10:01:10 +0000] "GET /sitemap.xml HTTP/1.1" 200 4096 "-" "Googlebot/2.1"
192.168.1.16 - - [12/May/2023:10:01:11 +0000] "GET /assets/font.woff HTTP/1.1" 200 40960 "-" "Mozilla/5.0"
192.168.1.22 - - [12/May/2023:10:01:12 +0000] "GET /phpmyadmin/ HTTP/1.1" 404 150 "-" "Scanner/1.0"
192.168.1.10 - - [12/May/2023:10:01:13 +0000] "GET /index.html HTTP/1.1" 200 5120 "-" "Mozilla/5.0"
192.168.1.11 - - [12/May/2023:10:01:14 +0000] "GET /styles/main.css HTTP/1.1" 200 10240 "-" "Mozilla/5.0"
192.168.1.17 - - [12/May/2023:10:01:15 +0000] "GET /images/missing.jpg HTTP/1.1" 404 150 "-" "Mozilla/5.0"
192.168.1.12 - - [12/May/2023:10:01:16 +0000] "GET /scripts/app.js HTTP/1.1" 200 25600 "-" "Mozilla/5.0"
192.168.1.10 - - [12/May/2023:10:01:17 +0000] "GET /images/logo.png HTTP/1.1" 200 8192 "-" "Mozilla/5.0"
192.168.1.18 - - [12/May/2023:10:01:18 +0000] "GET /downloads/document.pdf HTTP/1.1" 200 524288 "-" "Wget/1.20"
192.168.1.13 - - [12/May/2023:10:01:19 +0000] "GET /contact.html HTTP/1.1" 200 3072 "-" "Mozilla/5.0"
192.168.1.19 - - [12/May/2023:10:01:20 +0000] "HEAD /status HTTP/1.1" 200 0 "-" "HealthChecker"
192.168.1.14 - - [12/May/2023:10:01:21 +0000] "GET /nonexistent/script.cgi HTTP/1.1" 404 150 "-" "Mozilla/5.0"
192.168.1.10 - - [12/May/2023:10:01:22 +0000] "POST /api/update HTTP/1.1" 200 75 "-" "CustomClient/1.0"
192.168.1.20 - - [12/May/2023:10:01:23 +0000] "GET /api/v1/products/999 HTTP/1.1" 404 50 "http://example.com" "APIClient/2.1"
192.168.1.15 - - [12/May/2023:10:01:24 +0000] "GET /private/config.txt HTTP/1.1" 404 150 "-" "Mozilla/5.0"
192.168.1.11 - - [12/May/2023:10:01:25 +0000] "GET /favicon.ico HTTP/1.1" 200 1024 "-" "Mozilla/5.0"
192.168.1.21 - - [12/May/2023:10:01:26 +0000] "GET /sitemap.xml HTTP/1.1" 200 4096 "-" "Bingbot/2.0"
192.168.1.16 - - [12/May/2023:10:01:27 +0000] "GET /assets/font.woff HTTP/1.1" 200 40960 "-" "Mozilla/5.0"
192.168.1.22 - - [12/May/2023:10:01:28 +0000] "GET /.git/config HTTP/1.1" 404 150 "-" "Scanner/1.0"
192.168.1.10 - - [12/May/2023:10:01:29 +0000] "GET /index.html HTTP/1.1" 200 5120 "-" "Mozilla/5.0"
192.168.1.11 - - [12/May/2023:10:01:30 +0000] "GET /styles/main.css HTTP/1.1" 200 10240 "-" "Mozilla/5.0"